// Jest Snapshot v1, https://goo.gl/fbAQLP

exports[`<Posts/> should match snapshot 1`] = `
<div
  class="posts"
>
  <div
    class="post"
  >
    <img
      alt="title"
      src="cover"
    />
    <div
      class="post-content"
    >
      <h1>
        title
      </h1>
      <p>
        body
      </p>
    </div>
  </div>
  <div
    class="post"
  >
    <img
      alt="title 2"
      src="cover 2"
    />
    <div
      class="post-content"
    >
      <h1>
        title 2
      </h1>
      <p>
        body 2
      </p>
    </div>
  </div>
  <div
    class="post"
  >
    <img
      alt="title 3"
      src="cover 3"
    />
    <div
      class="post-content"
    >
      <h1>
        title 3
      </h1>
      <p>
        body 3
      </p>
    </div>
  </div>
</div>
`;
